2026-09-27T12:04:21.4519385Z Current runner version: '2.337.0'
2026-09-27T12:04:21.4554059Z ##[group]Runner Image Provisioner
2026-09-27T12:04:21.4555459Z Hosted Compute Agent
2026-09-27T12:04:21.4556502Z Version: 20260828.587
2026-09-27T12:04:21.4557556Z Commit: abac92662cab4cc7352de4f9f9d2e2419aad9c29
2026-09-27T12:04:21.4558876Z Build Date: 2026-08-28T16:44:25Z
2026-09-27T12:04:21.4559985Z Worker ID: {ceb5360b-4626-4485-a304-52d117d45631}
2026-09-27T12:04:21.4561246Z Azure Region: eastus2
2026-09-27T12:04:21.4562306Z ##[endgroup]
2026-09-27T12:04:21.4565007Z ##[group]Operating System
2026-09-27T12:04:21.4566126Z Ubuntu
2026-09-27T12:04:21.4566929Z 24.04.5
2026-09-27T12:04:21.4567784Z LTS
2026-09-27T12:04:21.4568730Z ##[endgroup]
2026-09-27T12:04:21.4569607Z ##[group]Runner Image
2026-09-27T12:04:21.4570637Z Image: ubuntu-24.04
2026-09-27T12:04:21.4571631Z Version: 20260920.314.1
2026-09-27T12:04:21.4574151Z Included Software: https://github.com/actions/runner-images/blob/ubuntu24/20260920.314/images/ubuntu/Ubuntu2404-Readme.md
2026-09-27T12:04:21.4576827Z Image Release: https://github.com/actions/runner-images/releases/tag/ubuntu24%2F20260920.314
2026-09-27T12:04:21.4578607Z ##[endgroup]
2026-09-27T12:04:21.4580615Z ##[group]GITHUB_TOKEN Permissions
2026-09-27T12:04:21.4583538Z Contents: read
2026-09-27T12:04:21.4584512Z Metadata: read
2026-09-27T12:04:21.4585551Z Packages: read
2026-09-27T12:04:21.4586479Z ##[endgroup]
2026-09-27T12:04:21.4589581Z Secret source: Actions
2026-09-27T12:04:21.4591037Z Cache mode: write
2026-09-27T12:04:21.4592623Z Prepare workflow directory
2026-09-27T12:04:21.5218225Z Prepare all required actions
2026-09-27T12:04:21.5290091Z Getting action download info
2026-09-27T12:04:21.7196571Z Download action repository 'actions/checkout@v4' (SHA:11d5960a326750d5838078e36cf38b85af677262)
2026-09-27T12:04:21.9214568Z Complete job name: sql
2026-09-27T12:04:21.9793008Z ##[group]Checking docker version
2026-09-27T12:04:21.9807725Z ##[command]/usr/bin/docker version --format '{{.Server.APIVersion}}'
2026-09-27T12:04:22.0706490Z '1.48'
2026-09-27T12:04:22.0724934Z Docker daemon API version: '1.48'
2026-09-27T12:04:22.0725777Z ##[command]/usr/bin/docker version --format '{{.Client.APIVersion}}'
2026-09-27T12:04:22.0901003Z '1.48'
2026-09-27T12:04:22.0915968Z Docker client API version: '1.48'
2026-09-27T12:04:22.0923322Z ##[endgroup]
2026-09-27T12:04:22.0927779Z ##[group]Clean up resources from previous jobs
2026-09-27T12:04:22.0934524Z ##[command]/usr/bin/docker ps --all --quiet --no-trunc --filter "label=98fc88"
2026-09-27T12:04:22.1089019Z ##[command]/usr/bin/docker network prune --force --filter "label=98fc88"
2026-09-27T12:04:22.1225169Z ##[endgroup]
2026-09-27T12:04:22.1225745Z ##[group]Create local container network
2026-09-27T12:04:22.1236233Z ##[command]/usr/bin/docker network create --label 98fc88 github_network_029bf3cf23fb4a0e9ebb1693812b232e
2026-09-27T12:04:22.1739425Z cc6b3bf2be863a053646f757d7a41c5462718b22a83c3005e1ea8e57436cee06
2026-09-27T12:04:22.1759158Z ##[endgroup]
2026-09-27T12:04:22.1784797Z ##[group]Starting postgres service container
2026-09-27T12:04:22.1806971Z ##[command]/usr/bin/docker pull postgres:17
2026-09-27T12:04:22.4691541Z 17: Pulling from library/postgres
2026-09-27T12:04:22.5516218Z 6b37362b3da7: Pulling fs layer
2026-09-27T12:04:22.5517527Z 0725a8be915e: Pulling fs layer
2026-09-27T12:04:22.5518603Z 71f55f60a786: Pulling fs layer
2026-09-27T12:04:22.5519636Z 564dc3c4a6f9: Pulling fs layer
2026-09-27T12:04:22.5520588Z 752819419f50: Pulling fs layer
2026-09-27T12:04:22.5521220Z 8b51b9245051: Pulling fs layer
2026-09-27T12:04:22.5522018Z 498b9ff7d682: Pulling fs layer
2026-09-27T12:04:22.5522942Z 755a851127eb: Pulling fs layer
2026-09-27T12:04:22.5523601Z bbe7b3469b20: Pulling fs layer
2026-09-27T12:04:22.5524499Z 73872941ba23: Pulling fs layer
2026-09-27T12:04:22.5525245Z 2f9b6cf2e417: Pulling fs layer
2026-09-27T12:04:22.5525954Z 3feaebf93d15: Pulling fs layer
2026-09-27T12:04:22.5526776Z 50e228e2fe6d: Pulling fs layer
2026-09-27T12:04:22.5527394Z bed9376b51dc: Pulling fs layer
2026-09-27T12:04:22.5528509Z 564dc3c4a6f9: Waiting
2026-09-27T12:04:22.5529251Z 73872941ba23: Waiting
2026-09-27T12:04:22.5529789Z 752819419f50: Waiting
2026-09-27T12:04:22.5530522Z 2f9b6cf2e417: Waiting
2026-09-27T12:04:22.5531068Z 3feaebf93d15: Waiting
2026-09-27T12:04:22.5531770Z 8b51b9245051: Waiting
2026-09-27T12:04:22.5532320Z 498b9ff7d682: Waiting
2026-09-27T12:04:22.5533388Z 50e228e2fe6d: Waiting
2026-09-27T12:04:22.5534196Z 755a851127eb: Waiting
2026-09-27T12:04:22.5534770Z bed9376b51dc: Waiting
2026-09-27T12:04:22.6016793Z 0725a8be915e: Download complete
2026-09-27T12:04:22.6670010Z 71f55f60a786: Verifying Checksum
2026-09-27T12:04:22.6673607Z 71f55f60a786: Download complete
2026-09-27T12:04:22.6905976Z 564dc3c4a6f9: Verifying Checksum
2026-09-27T12:04:22.6908304Z 564dc3c4a6f9: Download complete
2026-09-27T12:04:22.7302436Z 6b37362b3da7: Verifying Checksum
2026-09-27T12:04:22.7304104Z 6b37362b3da7: Download complete
2026-09-27T12:04:22.7788155Z 498b9ff7d682: Verifying Checksum
2026-09-27T12:04:22.7791913Z 498b9ff7d682: Download complete
2026-09-27T12:04:22.7856453Z 8b51b9245051: Verifying Checksum
2026-09-27T12:04:22.7860414Z 8b51b9245051: Download complete
2026-09-27T12:04:22.7874804Z 752819419f50: Verifying Checksum
2026-09-27T12:04:22.7876421Z 752819419f50: Download complete
2026-09-27T12:04:22.8344272Z 755a851127eb: Verifying Checksum
2026-09-27T12:04:22.8355160Z 755a851127eb: Download complete
2026-09-27T12:04:22.8408987Z 73872941ba23: Download complete
2026-09-27T12:04:22.8848713Z 2f9b6cf2e417: Download complete
2026-09-27T12:04:22.8909617Z 3feaebf93d15: Verifying Checksum
2026-09-27T12:04:22.8911091Z 3feaebf93d15: Download complete
2026-09-27T12:04:22.9327922Z 50e228e2fe6d: Download complete
2026-09-27T12:04:22.9424387Z bed9376b51dc: Download complete
2026-09-27T12:04:23.4139298Z bbe7b3469b20: Verifying Checksum
2026-09-27T12:04:23.4141399Z bbe7b3469b20: Download complete
2026-09-27T12:04:23.9063771Z 6b37362b3da7: Pull complete
2026-09-27T12:04:24.2019162Z 0725a8be915e: Pull complete
2026-09-27T12:04:24.3777764Z 71f55f60a786: Pull complete
2026-09-27T12:04:24.4205036Z 564dc3c4a6f9: Pull complete
2026-09-27T12:04:24.7268996Z 752819419f50: Pull complete
2026-09-27T12:04:24.8064886Z 8b51b9245051: Pull complete
2026-09-27T12:04:24.8158245Z 498b9ff7d682: Pull complete
2026-09-27T12:04:24.8256377Z 755a851127eb: Pull complete
2026-09-27T12:04:27.9143129Z bbe7b3469b20: Pull complete
2026-09-27T12:04:27.9280129Z 73872941ba23: Pull complete
2026-09-27T12:04:27.9379127Z 2f9b6cf2e417: Pull complete
2026-09-27T12:04:27.9467374Z 3feaebf93d15: Pull complete
2026-09-27T12:04:27.9573662Z 50e228e2fe6d: Pull complete
2026-09-27T12:04:27.9660755Z bed9376b51dc: Pull complete
2026-09-27T12:04:27.9699605Z Digest: sha256:d74eeac9a635390a49bc21bd49fccd973de707e2a53a76ac49b552b8712ec46f
2026-09-27T12:04:27.9710966Z Status: Downloaded newer image for postgres:17
2026-09-27T12:04:27.9719501Z docker.io/library/postgres:17
2026-09-27T12:04:27.9779930Z ##[command]/usr/bin/docker create --name 235d71ba55d24d4097a32063ef1e5b9b_postgres17_da2bd0 --label 98fc88 --network github_network_029bf3cf23fb4a0e9ebb1693812b232e --network-alias postgres -p 5432:5432 --health-cmd "pg_isready -U postgres" --health-interval 5s --health-timeout 5s --health-retries 10 -e "POSTGRES_HOST_AUTH_METHOD=trust" -e "POSTGRES_USER=postgres" -e "POSTGRES_PASSWORD=postgres" -e GITHUB_ACTIONS=true -e CI=true postgres:17
2026-09-27T12:04:28.0024133Z 1891a3e792ba2d214273e91557b04527bd1bf72d8a707e9a467cfdddfe0f7d83
2026-09-27T12:04:28.0046771Z ##[command]/usr/bin/docker start 1891a3e792ba2d214273e91557b04527bd1bf72d8a707e9a467cfdddfe0f7d83
2026-09-27T12:04:28.2196837Z 1891a3e792ba2d214273e91557b04527bd1bf72d8a707e9a467cfdddfe0f7d83
2026-09-27T12:04:28.2239201Z ##[command]/usr/bin/docker ps --all --filter id=1891a3e792ba2d214273e91557b04527bd1bf72d8a707e9a467cfdddfe0f7d83 --filter status=running --no-trunc --format "{{.ID}} {{.Status}}"
2026-09-27T12:04:28.2381013Z 1891a3e792ba2d214273e91557b04527bd1bf72d8a707e9a467cfdddfe0f7d83 Up Less than a second (health: starting)
2026-09-27T12:04:28.2405519Z ##[command]/usr/bin/docker port 1891a3e792ba2d214273e91557b04527bd1bf72d8a707e9a467cfdddfe0f7d83
2026-09-27T12:04:28.2547064Z 5432/tcp -> 0.0.0.0:5432
2026-09-27T12:04:28.2547909Z 5432/tcp -> [::]:5432
2026-09-27T12:04:28.2608180Z ##[endgroup]
2026-09-27T12:04:28.2620355Z ##[group]Waiting for all services to be ready
2026-09-27T12:04:28.2635568Z ##[command]/usr/bin/docker inspect --format="{{if .Config.Healthcheck}}{{print .State.Health.Status}}{{end}}" 1891a3e792ba2d214273e91557b04527bd1bf72d8a707e9a467cfdddfe0f7d83
2026-09-27T12:04:28.2788877Z starting
2026-09-27T12:04:28.2814735Z postgres service is starting, waiting 2 seconds before checking again.
2026-09-27T12:04:30.2824136Z ##[command]/usr/bin/docker inspect --format="{{if .Config.Healthcheck}}{{print .State.Health.Status}}{{end}}" 1891a3e792ba2d214273e91557b04527bd1bf72d8a707e9a467cfdddfe0f7d83
2026-09-27T12:04:30.2954862Z starting
2026-09-27T12:04:30.2967832Z postgres service is starting, waiting 3 seconds before checking again.
2026-09-27T12:04:34.0851996Z ##[command]/usr/bin/docker inspect --format="{{if .Config.Healthcheck}}{{print .State.Health.Status}}{{end}}" 1891a3e792ba2d214273e91557b04527bd1bf72d8a707e9a467cfdddfe0f7d83
2026-09-27T12:04:34.0979856Z healthy
2026-09-27T12:04:34.0995004Z postgres service is healthy.
2026-09-27T12:04:34.0995582Z ##[endgroup]
2026-09-27T12:04:34.1303346Z ##[group]Run actions/checkout@v4
2026-09-27T12:04:34.1303963Z with:
2026-09-27T12:04:34.1304193Z   repository: naruto-aii/AYG
2026-09-27T12:04:34.1306514Z   token: ***
2026-09-27T12:04:34.1306732Z   ssh-strict: true
2026-09-27T12:04:34.1306951Z   ssh-user: git
2026-09-27T12:04:34.1307175Z   persist-credentials: true
2026-09-27T12:04:34.1307421Z   clean: true
2026-09-27T12:04:34.1307639Z   sparse-checkout-cone-mode: true
2026-09-27T12:04:34.1307905Z   fetch-depth: 1
2026-09-27T12:04:34.1308113Z   fetch-tags: false
2026-09-27T12:04:34.1308329Z   show-progress: true
2026-09-27T12:04:34.1308542Z   lfs: false
2026-09-27T12:04:34.1308739Z   submodules: false
2026-09-27T12:04:34.1308972Z   set-safe-directory: true
2026-09-27T12:04:34.1309223Z   allow-unsafe-pr-checkout: false
2026-09-27T12:04:34.1309668Z ##[endgroup]
2026-09-27T12:04:34.2452379Z Syncing repository: naruto-aii/AYG
2026-09-27T12:04:34.2454706Z ##[group]Getting Git version info
2026-09-27T12:04:34.2455332Z Working directory is '/home/runner/work/AYG/AYG'
2026-09-27T12:04:34.2456152Z [command]/usr/bin/git version
2026-09-27T12:04:34.2520155Z git version 2.55.0
2026-09-27T12:04:34.2544817Z ##[endgroup]
2026-09-27T12:04:34.2573962Z Temporarily overriding HOME='/home/runner/work/_temp/6b6bbe1e-ec46-46e0-8349-db367925883d' before making global git config changes
2026-09-27T12:04:34.2575296Z Adding repository directory to the temporary git global config as a safe directory
2026-09-27T12:04:34.2576272Z [command]/usr/bin/git config --global --add safe.directory /home/runner/work/AYG/AYG
2026-09-27T12:04:34.2631513Z Deleting the contents of '/home/runner/work/AYG/AYG'
2026-09-27T12:04:34.2636993Z ##[group]Initializing the repository
2026-09-27T12:04:34.2641848Z [command]/usr/bin/git init /home/runner/work/AYG/AYG
2026-09-27T12:04:34.2756402Z hint: Using 'master' as the name for the initial branch. This default branch name
2026-09-27T12:04:34.2760304Z hint: will change to "main" in Git 3.0. To configure the initial branch name
2026-09-27T12:04:34.2761205Z hint: to use in all of your new repositories, which will suppress this warning,
2026-09-27T12:04:34.2761859Z hint: call:
2026-09-27T12:04:34.2762176Z hint:
2026-09-27T12:04:34.2762630Z hint: 	git config --global init.defaultBranch <name>
2026-09-27T12:04:34.2763375Z hint:
2026-09-27T12:04:34.2763854Z hint: Names commonly chosen instead of 'master' are 'main', 'trunk' and
2026-09-27T12:04:34.2764745Z hint: 'development'. The just-created branch can be renamed via this command:
2026-09-27T12:04:34.2765384Z hint:
2026-09-27T12:04:34.2765724Z hint: 	git branch -m <name>
2026-09-27T12:04:34.2766107Z hint:
2026-09-27T12:04:34.2766653Z hint: Disable this message with "git config set advice.defaultBranchName false"
2026-09-27T12:04:34.2767964Z Initialized empty Git repository in /home/runner/work/AYG/AYG/.git/
2026-09-27T12:04:34.2771363Z [command]/usr/bin/git remote add origin https://github.com/naruto-aii/AYG
2026-09-27T12:04:34.2821356Z ##[endgroup]
2026-09-27T12:04:34.2822031Z ##[group]Disabling automatic garbage collection
2026-09-27T12:04:34.2825413Z [command]/usr/bin/git config --local gc.auto 0
2026-09-27T12:04:34.2859607Z ##[endgroup]
2026-09-27T12:04:34.2860181Z ##[group]Setting up auth
2026-09-27T12:04:34.2868977Z [command]/usr/bin/git config --local --name-only --get-regexp core\.sshCommand
2026-09-27T12:04:34.2938054Z [command]/usr/bin/git submodule foreach --recursive sh -c "git config --local --name-only --get-regexp 'core\.sshCommand' && git config --local --unset-all 'core.sshCommand' || :"
2026-09-27T12:04:34.3327532Z [command]/usr/bin/git config --local --name-only --get-regexp http\.https\:\/\/github\.com\/\.extraheader
2026-09-27T12:04:34.3368912Z [command]/usr/bin/git submodule foreach --recursive sh -c "git config --local --name-only --get-regexp 'http\.https\:\/\/github\.com\/\.extraheader' && git config --local --unset-all 'http.https://github.com/.extraheader' || :"
2026-09-27T12:04:34.3599865Z [command]/usr/bin/git config --local --name-only --get-regexp ^includeIf\.gitdir:
2026-09-27T12:04:34.3638495Z [command]/usr/bin/git submodule foreach --recursive git config --local --show-origin --name-only --get-regexp remote.origin.url
2026-09-27T12:04:34.3865858Z [command]/usr/bin/git config --local http.https://github.com/.extraheader AUTHORIZATION: basic ***
2026-09-27T12:04:34.3908075Z ##[endgroup]
2026-09-27T12:04:34.3908545Z ##[group]Fetching the repository
2026-09-27T12:04:34.3919850Z [command]/usr/bin/git -c protocol.version=2 fetch --no-tags --prune --no-recurse-submodules --depth=1 origin +386b9dc230bf50eeb71ecb484f505a60f49a438d:refs/remotes/pull/29/merge
2026-09-27T12:04:34.9493383Z From https://github.com/naruto-aii/AYG
2026-09-27T12:04:34.9494721Z  * [new ref]         386b9dc230bf50eeb71ecb484f505a60f49a438d -> pull/29/merge
2026-09-27T12:04:34.9509574Z ##[endgroup]
2026-09-27T12:04:34.9510276Z ##[group]Determining the checkout info
2026-09-27T12:04:34.9513202Z ##[endgroup]
2026-09-27T12:04:34.9518631Z [command]/usr/bin/git sparse-checkout disable
2026-09-27T12:04:34.9576410Z [command]/usr/bin/git config --local --unset-all extensions.worktreeConfig
2026-09-27T12:04:34.9611003Z ##[group]Checking out the ref
2026-09-27T12:04:34.9615700Z [command]/usr/bin/git checkout --progress --force refs/remotes/pull/29/merge
2026-09-27T12:04:35.0899806Z Note: switching to 'refs/remotes/pull/29/merge'.
2026-09-27T12:04:35.0900289Z 
2026-09-27T12:04:35.0901537Z You are in 'detached HEAD' state. You can look around, make experimental
2026-09-27T12:04:35.0902393Z changes and commit them, and you can discard any commits you make in this
2026-09-27T12:04:35.0903450Z state without impacting any branches by switching back to a branch.
2026-09-27T12:04:35.0903902Z 
2026-09-27T12:04:35.0904260Z If you want to create a new branch to retain commits you create, you may
2026-09-27T12:04:35.0904986Z do so (now or later) by using -c with the switch command. Example:
2026-09-27T12:04:35.0905391Z 
2026-09-27T12:04:35.0905569Z   git switch -c <new-branch-name>
2026-09-27T12:04:35.0905848Z 
2026-09-27T12:04:35.0906024Z Or undo this operation with:
2026-09-27T12:04:35.0906287Z 
2026-09-27T12:04:35.0906533Z   git switch -
2026-09-27T12:04:35.0906754Z 
2026-09-27T12:04:35.0907115Z Turn off this advice by setting config variable advice.detachedHead to false
2026-09-27T12:04:35.0907628Z 
2026-09-27T12:04:35.0908184Z HEAD is now at 386b9dc Merge 199f23c05e380b3a9e71ee7770d4d6013caa566c into 848c4921d45d6ae5c1bfd519b7d231550729a7d6
2026-09-27T12:04:35.0916514Z ##[endgroup]
2026-09-27T12:04:35.0971893Z [command]/usr/bin/git log -1 --format=%H
2026-09-27T12:04:35.1001005Z 386b9dc230bf50eeb71ecb484f505a60f49a438d
2026-09-27T12:04:35.1208607Z ##[group]Run cid="$(docker ps -q --filter ancestor=postgres:17 | head -n 1)"
2026-09-27T12:04:35.1209371Z [36;1mcid="$(docker ps -q --filter ancestor=postgres:17 | head -n 1)"[0m
2026-09-27T12:04:35.1209761Z [36;1mtest -n "$cid"[0m
2026-09-27T12:04:35.1210078Z [36;1msharedir="$(docker exec "$cid" pg_config --sharedir)"[0m
2026-09-27T12:04:35.1210510Z [36;1mdocker cp supabase/tests/pg_ext/supabase_vault.control \[0m
2026-09-27T12:04:35.1210919Z [36;1m  "$cid:${sharedir}/extension/supabase_vault.control"[0m
2026-09-27T12:04:35.1211323Z [36;1mdocker cp supabase/tests/pg_ext/supabase_vault--1.0.sql \[0m
2026-09-27T12:04:35.1211731Z [36;1m  "$cid:${sharedir}/extension/supabase_vault--1.0.sql"[0m
2026-09-27T12:04:35.1421558Z shell: /usr/bin/bash -e {0}
2026-09-27T12:04:35.1421879Z ##[endgroup]
2026-09-27T12:04:35.2574931Z ##[group]Run sudo apt-get update && sudo apt-get install -y postgresql-client
2026-09-27T12:04:35.2575534Z [36;1msudo apt-get update && sudo apt-get install -y postgresql-client[0m
2026-09-27T12:04:35.2641545Z shell: /usr/bin/bash -e {0}
2026-09-27T12:04:35.2641834Z ##[endgroup]
2026-09-27T12:04:35.3407632Z Get:1 file:/etc/apt/apt-mirrors.txt Mirrorlist [144 B]
2026-09-27T12:04:35.3716890Z Hit:2 http://azure.archive.ubuntu.com/ubuntu noble InRelease
2026-09-27T12:04:35.3721056Z Get:6 https://packages.microsoft.com/ubuntu/24.04/prod noble InRelease [3600 B]
2026-09-27T12:04:35.3722413Z Get:3 http://azure.archive.ubuntu.com/ubuntu noble-updates InRelease [126 kB]
2026-09-27T12:04:35.3741288Z Get:4 http://azure.archive.ubuntu.com/ubuntu noble-backports InRelease [126 kB]
2026-09-27T12:04:35.3771720Z Get:5 http://azure.archive.ubuntu.com/ubuntu noble-security InRelease [126 kB]
2026-09-27T12:04:35.5244418Z Get:7 https://packages.microsoft.com/ubuntu/24.04/prod noble/main amd64 Packages [498 kB]
2026-09-27T12:04:35.5408990Z Get:8 https://packages.microsoft.com/ubuntu/24.04/prod noble/main arm64 Packages [446 kB]
2026-09-27T12:04:35.5779991Z Get:9 http://azure.archive.ubuntu.com/ubuntu noble-updates/main amd64 Packages [1319 kB]
2026-09-27T12:04:35.5850753Z Get:10 http://azure.archive.ubuntu.com/ubuntu noble-updates/main Translation-en [299 kB]
2026-09-27T12:04:35.5874145Z Get:11 http://azure.archive.ubuntu.com/ubuntu noble-updates/main amd64 Components [181 kB]
2026-09-27T12:04:35.5884103Z Get:12 http://azure.archive.ubuntu.com/ubuntu noble-updates/universe amd64 Packages [1697 kB]
2026-09-27T12:04:35.5983857Z Get:13 http://azure.archive.ubuntu.com/ubuntu noble-updates/universe Translation-en [340 kB]
2026-09-27T12:04:35.6015274Z Get:14 http://azure.archive.ubuntu.com/ubuntu noble-updates/universe amd64 Components [388 kB]
2026-09-27T12:04:35.6019163Z Get:15 http://azure.archive.ubuntu.com/ubuntu noble-updates/restricted amd64 Packages [1654 kB]
2026-09-27T12:04:35.6100035Z Get:16 http://azure.archive.ubuntu.com/ubuntu noble-updates/restricted Translation-en [377 kB]
2026-09-27T12:04:35.6123679Z Get:17 http://azure.archive.ubuntu.com/ubuntu noble-updates/multiverse amd64 Components [940 B]
2026-09-27T12:04:35.6404447Z Get:18 http://azure.archive.ubuntu.com/ubuntu noble-backports/main amd64 Packages [40.6 kB]
2026-09-27T12:04:35.6826118Z Get:19 http://azure.archive.ubuntu.com/ubuntu noble-backports/main amd64 Components [5760 B]
2026-09-27T12:04:35.6834553Z Get:20 http://azure.archive.ubuntu.com/ubuntu noble-backports/universe amd64 Packages [31.0 kB]
2026-09-27T12:04:35.6840829Z Get:21 http://azure.archive.ubuntu.com/ubuntu noble-backports/universe Translation-en [18.6 kB]
2026-09-27T12:04:35.6847798Z Get:22 http://azure.archive.ubuntu.com/ubuntu noble-backports/universe amd64 Components [12.6 kB]
2026-09-27T12:04:35.6933856Z Get:23 http://azure.archive.ubuntu.com/ubuntu noble-security/main amd64 Packages [1053 kB]
2026-09-27T12:04:35.6977827Z Get:24 http://azure.archive.ubuntu.com/ubuntu noble-security/main Translation-en [219 kB]
2026-09-27T12:04:35.6992271Z Get:25 http://azure.archive.ubuntu.com/ubuntu noble-security/main amd64 Components [46.5 kB]
2026-09-27T12:04:35.6999873Z Get:26 http://azure.archive.ubuntu.com/ubuntu noble-security/universe amd64 Packages [1220 kB]
2026-09-27T12:04:35.7053882Z Get:27 http://azure.archive.ubuntu.com/ubuntu noble-security/universe Translation-en [245 kB]
2026-09-27T12:04:35.7069761Z Get:28 http://azure.archive.ubuntu.com/ubuntu noble-security/universe amd64 Components [76.3 kB]
2026-09-27T12:04:35.7078389Z Get:29 http://azure.archive.ubuntu.com/ubuntu noble-security/restricted amd64 Packages [1535 kB]
2026-09-27T12:04:35.7149272Z Get:30 http://azure.archive.ubuntu.com/ubuntu noble-security/restricted Translation-en [353 kB]
2026-09-27T12:04:39.9528407Z Fetched 12.4 MB in 1s (9131 kB/s)
2026-09-27T12:04:40.7782333Z Reading package lists...
2026-09-27T12:04:40.8088571Z Reading package lists...
2026-09-27T12:04:40.9925299Z Building dependency tree...
2026-09-27T12:04:40.9933664Z Reading state information...
2026-09-27T12:04:41.1490603Z The following NEW packages will be installed:
2026-09-27T12:04:41.1491160Z   postgresql-client
2026-09-27T12:04:41.1661179Z 0 upgraded, 1 newly installed, 0 to remove and 32 not upgraded.
2026-09-27T12:04:41.1661893Z Need to get 11.6 kB of archives.
2026-09-27T12:04:41.1662474Z After this operation, 17.4 kB of additional disk space will be used.
2026-09-27T12:04:41.1663405Z Get:1 file:/etc/apt/apt-mirrors.txt Mirrorlist [144 B]
2026-09-27T12:04:41.1836703Z Get:2 http://azure.archive.ubuntu.com/ubuntu noble-updates/main amd64 postgresql-client all 16+257build1.1 [11.6 kB]
2026-09-27T12:04:41.4373262Z Fetched 11.6 kB in 0s (414 kB/s)
2026-09-27T12:04:41.4610424Z Selecting previously unselected package postgresql-client.
2026-09-27T12:04:41.4862458Z (Reading database ... 
2026-09-27T12:04:41.4863216Z (Reading database ... 5%
2026-09-27T12:04:41.4863596Z (Reading database ... 10%
2026-09-27T12:04:41.4863882Z (Reading database ... 15%
2026-09-27T12:04:41.4864153Z (Reading database ... 20%
2026-09-27T12:04:41.4864391Z (Reading database ... 25%
2026-09-27T12:04:41.4864622Z (Reading database ... 30%
2026-09-27T12:04:41.4864851Z (Reading database ... 35%
2026-09-27T12:04:41.4865148Z (Reading database ... 40%
2026-09-27T12:04:41.4865556Z (Reading database ... 45%
2026-09-27T12:04:41.4865948Z (Reading database ... 50%
2026-09-27T12:04:41.4921907Z (Reading database ... 55%
2026-09-27T12:04:41.5577658Z (Reading database ... 60%
2026-09-27T12:04:41.7495743Z (Reading database ... 65%
2026-09-27T12:04:41.9554296Z (Reading database ... 70%
2026-09-27T12:04:42.1574150Z (Reading database ... 75%
2026-09-27T12:04:42.2952944Z (Reading database ... 80%
2026-09-27T12:04:42.4474755Z (Reading database ... 85%
2026-09-27T12:04:42.6066129Z (Reading database ... 90%
2026-09-27T12:04:42.7651017Z (Reading database ... 95%
2026-09-27T12:04:42.7651641Z (Reading database ... 100%
2026-09-27T12:04:42.7652435Z (Reading database ... 202190 files and directories currently installed.)
2026-09-27T12:04:42.7694653Z Preparing to unpack .../postgresql-client_16+257build1.1_all.deb ...
2026-09-27T12:04:42.7718154Z Unpacking postgresql-client (16+257build1.1) ...
2026-09-27T12:04:42.8065314Z Setting up postgresql-client (16+257build1.1) ...
2026-09-27T12:04:43.4562147Z 
2026-09-27T12:04:43.4562722Z Running kernel seems to be up-to-date.
2026-09-27T12:04:43.4563497Z 
2026-09-27T12:04:43.4563747Z No services need to be restarted.
2026-09-27T12:04:43.4564129Z 
2026-09-27T12:04:43.4573785Z No containers need to be restarted.
2026-09-27T12:04:43.4574137Z 
2026-09-27T12:04:43.4574343Z No user sessions are running outdated binaries.
2026-09-27T12:04:43.4574697Z 
2026-09-27T12:04:43.4575003Z No VM guests are running outdated hypervisor (qemu) binaries on this host.
2026-09-27T12:04:44.4448271Z ##[group]Run DATABASE_URL=postgres://postgres@127.0.0.1:5432/postgres bash supabase/tests/run_sql_smoke.sh
2026-09-27T12:04:44.4449066Z [36;1mDATABASE_URL=postgres://postgres@127.0.0.1:5432/postgres bash supabase/tests/run_sql_smoke.sh[0m
2026-09-27T12:04:44.4515294Z shell: /usr/bin/bash -e {0}
2026-09-27T12:04:44.4515571Z ##[endgroup]
2026-09-27T12:04:44.7239247Z pg17 syntax repro passed
2026-09-27T12:04:44.7666502Z CREATE EXTENSION
2026-09-27T12:04:44.7689558Z DO
2026-09-27T12:04:44.7694017Z CREATE SCHEMA
2026-09-27T12:04:44.7697159Z CREATE SCHEMA
2026-09-27T12:04:44.7725257Z CREATE TABLE
2026-09-27T12:04:44.7749873Z CREATE TABLE
2026-09-27T12:04:44.7758786Z CREATE TABLE
2026-09-27T12:04:44.7774918Z CREATE TABLE
2026-09-27T12:04:44.7779922Z CREATE FUNCTION
2026-09-27T12:04:44.7784823Z CREATE FUNCTION
2026-09-27T12:04:44.7790454Z GRANT
2026-09-27T12:04:44.7800496Z GRANT
2026-09-27T12:04:44.7842077Z apply supabase/migrations/20260722130000_create_v1_1_schema.sql
2026-09-27T12:04:44.8197622Z CREATE TABLE
2026-09-27T12:04:44.8203882Z CREATE INDEX
2026-09-27T12:04:44.8220602Z CREATE TABLE
2026-09-27T12:04:44.8227308Z CREATE INDEX
2026-09-27T12:04:44.8244899Z CREATE TABLE
2026-09-27T12:04:44.8250974Z CREATE INDEX
2026-09-27T12:04:44.8268046Z CREATE TABLE
2026-09-27T12:04:44.8274453Z CREATE INDEX
2026-09-27T12:04:44.8285144Z CREATE TABLE
2026-09-27T12:04:44.8291217Z CREATE INDEX
2026-09-27T12:04:44.8301716Z CREATE TABLE
2026-09-27T12:04:44.8308295Z CREATE INDEX
2026-09-27T12:04:44.8324890Z CREATE TABLE
2026-09-27T12:04:44.8330234Z CREATE INDEX
2026-09-27T12:04:44.8337247Z CREATE INDEX
2026-09-27T12:04:44.8352277Z CREATE TABLE
2026-09-27T12:04:44.8358599Z CREATE INDEX
2026-09-27T12:04:44.8364341Z CREATE INDEX
2026-09-27T12:04:44.8381241Z CREATE TABLE
2026-09-27T12:04:44.8388276Z CREATE INDEX
2026-09-27T12:04:44.8394233Z CREATE INDEX
2026-09-27T12:04:44.8404945Z CREATE FUNCTION
2026-09-27T12:04:44.8410314Z psql:supabase/migrations/20260722130000_create_v1_1_schema.sql:175: NOTICE:  trigger "set_profiles_updated_at" for relation "public.profiles" does not exist, skipping
2026-09-27T12:04:44.8413339Z psql:supabase/migrations/20260722130000_create_v1_1_schema.sql:175: NOTICE:  trigger "set_goals_updated_at" for relation "public.goals" does not exist, skipping
2026-09-27T12:04:44.8416518Z psql:supabase/migrations/20260722130000_create_v1_1_schema.sql:175: NOTICE:  trigger "set_nutrition_settings_updated_at" for relation "public.nutrition_settings" does not exist, skipping
2026-09-27T12:04:44.8418667Z psql:supabase/migrations/20260722130000_create_v1_1_schema.sql:175: NOTICE:  trigger "set_health_snapshots_updated_at" for relation "public.health_snapshots" does not exist, skipping
2026-09-27T12:04:44.8420058Z psql:supabase/migrations/20260722130000_create_v1_1_schema.sql:175: NOTICE:  trigger "set_app_settings_updated_at" for relation "public.app_settings" does not exist, skipping
2026-09-27T12:04:44.8421599Z psql:supabase/migrations/20260722130000_create_v1_1_schema.sql:175: NOTICE:  trigger "set_food_entries_updated_at" for relation "public.food_entries" does not exist, skipping
2026-09-27T12:04:44.8424162Z psql:supabase/migrations/20260722130000_create_v1_1_schema.sql:175: NOTICE:  trigger "set_exercise_entries_updated_at" for relation "public.exercise_entries" does not exist, skipping
2026-09-27T12:04:44.8424919Z DO
2026-09-27T12:04:44.8425585Z psql:supabase/migrations/20260722130000_create_v1_1_schema.sql:175: NOTICE:  trigger "set_weight_entries_updated_at" for relation "public.weight_entries" does not exist, skipping
2026-09-27T12:04:44.8428074Z ALTER TABLE
2026-09-27T12:04:44.8431834Z ALTER TABLE
2026-09-27T12:04:44.8435880Z ALTER TABLE
2026-09-27T12:04:44.8439248Z ALTER TABLE
2026-09-27T12:04:44.8442405Z ALTER TABLE
2026-09-27T12:04:44.8445833Z ALTER TABLE
2026-09-27T12:04:44.8449296Z ALTER TABLE
2026-09-27T12:04:44.8452695Z ALTER TABLE
2026-09-27T12:04:44.8456336Z ALTER TABLE
2026-09-27T12:04:44.8460474Z psql:supabase/migrations/20260722130000_create_v1_1_schema.sql:191: NOTICE:  policy "users_select_own" for relation "public.users" does not exist, skipping
2026-09-27T12:04:44.8461221Z DROP POLICY
2026-09-27T12:04:44.8465544Z CREATE POLICY
2026-09-27T12:04:44.8469211Z psql:supabase/migrations/20260722130000_create_v1_1_schema.sql:196: NOTICE:  policy "users_insert_own" for relation "public.users" does not exist, skipping
2026-09-27T12:04:44.8470093Z DROP POLICY
2026-09-27T12:04:44.8472290Z CREATE POLICY
2026-09-27T12:04:44.8477121Z psql:supabase/migrations/20260722130000_create_v1_1_schema.sql:201: NOTICE:  policy "users_update_own" for relation "public.users" does not exist, skipping
2026-09-27T12:04:44.8478252Z DROP POLICY
2026-09-27T12:04:44.8482014Z CREATE POLICY
2026-09-27T12:04:44.8486030Z psql:supabase/migrations/20260722130000_create_v1_1_schema.sql:207: NOTICE:  policy "users_delete_own" for relation "public.users" does not exist, skipping
2026-09-27T12:04:44.8487010Z DROP POLICY
2026-09-27T12:04:44.8489015Z CREATE POLICY
2026-09-27T12:04:44.8493302Z psql:supabase/migrations/20260722130000_create_v1_1_schema.sql:213: NOTICE:  policy "profiles_select_own" for relation "public.profiles" does not exist, skipping
2026-09-27T12:04:44.8494443Z DROP POLICY
2026-09-27T12:04:44.8502461Z CREATE POLICY
2026-09-27T12:04:44.8506100Z psql:supabase/migrations/20260722130000_create_v1_1_schema.sql:218: NOTICE:  policy "profiles_insert_own" for relation "public.profiles" does not exist, skipping
2026-09-27T12:04:44.8507016Z DROP POLICY
2026-09-27T12:04:44.8511082Z CREATE POLICY
2026-09-27T12:04:44.8514388Z psql:supabase/migrations/20260722130000_create_v1_1_schema.sql:223: NOTICE:  policy "profiles_update_own" for relation "public.profiles" does not exist, skipping
2026-09-27T12:04:44.8515086Z DROP POLICY
2026-09-27T12:04:44.8520419Z CREATE POLICY
2026-09-27T12:04:44.8523916Z psql:supabase/migrations/20260722130000_create_v1_1_schema.sql:229: NOTICE:  policy "profiles_delete_own" for relation "public.profiles" does not exist, skipping
2026-09-27T12:04:44.8524637Z DROP POLICY
2026-09-27T12:04:44.8526944Z CREATE POLICY
2026-09-27T12:04:44.8530275Z psql:supabase/migrations/20260722130000_create_v1_1_schema.sql:234: NOTICE:  policy "goals_select_own" for relation "public.goals" does not exist, skipping
2026-09-27T12:04:44.8531064Z DROP POLICY
2026-09-27T12:04:44.8533433Z CREATE POLICY
2026-09-27T12:04:44.8536825Z psql:supabase/migrations/20260722130000_create_v1_1_schema.sql:239: NOTICE:  policy "goals_insert_own" for relation "public.goals" does not exist, skipping
2026-09-27T12:04:44.8537856Z DROP POLICY
2026-09-27T12:04:44.8540442Z CREATE POLICY
2026-09-27T12:04:44.8545544Z psql:supabase/migrations/20260722130000_create_v1_1_schema.sql:244: NOTICE:  policy "goals_update_own" for relation "public.goals" does not exist, skipping
2026-09-27T12:04:44.8546285Z DROP POLICY
2026-09-27T12:04:44.8547412Z CREATE POLICY
2026-09-27T12:04:44.8550885Z psql:supabase/migrations/20260722130000_create_v1_1_schema.sql:250: NOTICE:  policy "goals_delete_own" for relation "public.goals" does not exist, skipping
2026-09-27T12:04:44.8551690Z DROP POLICY
2026-09-27T12:04:44.8555012Z CREATE POLICY
2026-09-27T12:04:44.8558899Z psql:supabase/migrations/20260722130000_create_v1_1_schema.sql:255: NOTICE:  policy "nutrition_settings_select_own" for relation "public.nutrition_settings" does not exist, skipping
2026-09-27T12:04:44.8559664Z DROP POLICY
2026-09-27T12:04:44.8561640Z CREATE POLICY
2026-09-27T12:04:44.8564897Z psql:supabase/migrations/20260722130000_create_v1_1_schema.sql:260: NOTICE:  policy "nutrition_settings_insert_own" for relation "public.nutrition_settings" does not exist, skipping
2026-09-27T12:04:44.8565986Z DROP POLICY
2026-09-27T12:04:44.8567819Z CREATE POLICY
2026-09-27T12:04:44.8571396Z psql:supabase/migrations/20260722130000_create_v1_1_schema.sql:265: NOTICE:  policy "nutrition_settings_update_own" for relation "public.nutrition_settings" does not exist, skipping
2026-09-27T12:04:44.8572353Z DROP POLICY
2026-09-27T12:04:44.8575904Z CREATE POLICY
2026-09-27T12:04:44.8580389Z psql:supabase/migrations/20260722130000_create_v1_1_schema.sql:271: NOTICE:  policy "nutrition_settings_delete_own" for relation "public.nutrition_settings" does not exist, skipping
2026-09-27T12:04:44.8581518Z DROP POLICY
2026-09-27T12:04:44.8583223Z CREATE POLICY
2026-09-27T12:04:44.8586333Z psql:supabase/migrations/20260722130000_create_v1_1_schema.sql:276: NOTICE:  policy "health_snapshots_select_own" for relation "public.health_snapshots" does not exist, skipping
2026-09-27T12:04:44.8587893Z DROP POLICY
2026-09-27T12:04:44.8589950Z CREATE POLICY
2026-09-27T12:04:44.8593744Z psql:supabase/migrations/20260722130000_create_v1_1_schema.sql:281: NOTICE:  policy "health_snapshots_insert_own" for relation "public.health_snapshots" does not exist, skipping
2026-09-27T12:04:44.8594724Z DROP POLICY
2026-09-27T12:04:44.8597478Z CREATE POLICY
2026-09-27T12:04:44.8601538Z psql:supabase/migrations/20260722130000_create_v1_1_schema.sql:286: NOTICE:  policy "health_snapshots_update_own" for relation "public.health_snapshots" does not exist, skipping
2026-09-27T12:04:44.8603621Z DROP POLICY
2026-09-27T12:04:44.8604439Z CREATE POLICY
2026-09-27T12:04:44.8608993Z psql:supabase/migrations/20260722130000_create_v1_1_schema.sql:292: NOTICE:  policy "health_snapshots_delete_own" for relation "public.health_snapshots" does not exist, skipping
2026-09-27T12:04:44.8610211Z DROP POLICY
2026-09-27T12:04:44.8611182Z CREATE POLICY
2026-09-27T12:04:44.8614660Z psql:supabase/migrations/20260722130000_create_v1_1_schema.sql:297: NOTICE:  policy "app_settings_select_own" for relation "public.app_settings" does not exist, skipping
2026-09-27T12:04:44.8615577Z DROP POLICY
2026-09-27T12:04:44.8618244Z CREATE POLICY
2026-09-27T12:04:44.8622002Z psql:supabase/migrations/20260722130000_create_v1_1_schema.sql:302: NOTICE:  policy "app_settings_insert_own" for relation "public.app_settings" does not exist, skipping
2026-09-27T12:04:44.8623460Z DROP POLICY
2026-09-27T12:04:44.8624432Z CREATE POLICY
2026-09-27T12:04:44.8628506Z psql:supabase/migrations/20260722130000_create_v1_1_schema.sql:307: NOTICE:  policy "app_settings_update_own" for relation "public.app_settings" does not exist, skipping
2026-09-27T12:04:44.8629260Z DROP POLICY
2026-09-27T12:04:44.8633126Z CREATE POLICY
2026-09-27T12:04:44.8636705Z psql:supabase/migrations/20260722130000_create_v1_1_schema.sql:313: NOTICE:  policy "app_settings_delete_own" for relation "public.app_settings" does not exist, skipping
2026-09-27T12:04:44.8637456Z DROP POLICY
2026-09-27T12:04:44.8639517Z CREATE POLICY
2026-09-27T12:04:44.8643939Z psql:supabase/migrations/20260722130000_create_v1_1_schema.sql:318: NOTICE:  policy "food_entries_select_own" for relation "public.food_entries" does not exist, skipping
2026-09-27T12:04:44.8644711Z DROP POLICY
2026-09-27T12:04:44.8646906Z CREATE POLICY
2026-09-27T12:04:44.8650414Z psql:supabase/migrations/20260722130000_create_v1_1_schema.sql:323: NOTICE:  policy "food_entries_insert_own" for relation "public.food_entries" does not exist, skipping
2026-09-27T12:04:44.8651629Z DROP POLICY
2026-09-27T12:04:44.8653648Z CREATE POLICY
2026-09-27T12:04:44.8657089Z psql:supabase/migrations/20260722130000_create_v1_1_schema.sql:328: NOTICE:  policy "food_entries_update_own" for relation "public.food_entries" does not exist, skipping
2026-09-27T12:04:44.8657987Z DROP POLICY
2026-09-27T12:04:44.8661317Z CREATE POLICY
2026-09-27T12:04:44.8664717Z psql:supabase/migrations/20260722130000_create_v1_1_schema.sql:334: NOTICE:  policy "food_entries_delete_own" for relation "public.food_entries" does not exist, skipping
2026-09-27T12:04:44.8665827Z DROP POLICY
2026-09-27T12:04:44.8667968Z CREATE POLICY
2026-09-27T12:04:44.8671022Z psql:supabase/migrations/20260722130000_create_v1_1_schema.sql:339: NOTICE:  policy "exercise_entries_select_own" for relation "public.exercise_entries" does not exist, skipping
2026-09-27T12:04:44.8671789Z DROP POLICY
2026-09-27T12:04:44.8674038Z CREATE POLICY
2026-09-27T12:04:44.8677627Z psql:supabase/migrations/20260722130000_create_v1_1_schema.sql:344: NOTICE:  policy "exercise_entries_insert_own" for relation "public.exercise_entries" does not exist, skipping
2026-09-27T12:04:44.8678390Z DROP POLICY
2026-09-27T12:04:44.8680667Z CREATE POLICY
2026-09-27T12:04:44.8683874Z psql:supabase/migrations/20260722130000_create_v1_1_schema.sql:349: NOTICE:  policy "exercise_entries_update_own" for relation "public.exercise_entries" does not exist, skipping
2026-09-27T12:04:44.8684657Z DROP POLICY
2026-09-27T12:04:44.8689082Z CREATE POLICY
2026-09-27T12:04:44.8692597Z psql:supabase/migrations/20260722130000_create_v1_1_schema.sql:355: NOTICE:  policy "exercise_entries_delete_own" for relation "public.exercise_entries" does not exist, skipping
2026-09-27T12:04:44.8694634Z DROP POLICY
2026-09-27T12:04:44.8696611Z CREATE POLICY
2026-09-27T12:04:44.8700165Z psql:supabase/migrations/20260722130000_create_v1_1_schema.sql:360: NOTICE:  policy "weight_entries_select_own" for relation "public.weight_entries" does not exist, skipping
2026-09-27T12:04:44.8701279Z DROP POLICY
2026-09-27T12:04:44.8703532Z CREATE POLICY
2026-09-27T12:04:44.8706574Z psql:supabase/migrations/20260722130000_create_v1_1_schema.sql:365: NOTICE:  policy "weight_entries_insert_own" for relation "public.weight_entries" does not exist, skipping
2026-09-27T12:04:44.8707468Z DROP POLICY
2026-09-27T12:04:44.8710291Z CREATE POLICY
2026-09-27T12:04:44.8713647Z psql:supabase/migrations/20260722130000_create_v1_1_schema.sql:370: NOTICE:  policy "weight_entries_update_own" for relation "public.weight_entries" does not exist, skipping
2026-09-27T12:04:44.8741395Z DROP POLICY
2026-09-27T12:04:44.8742619Z psql:supabase/migrations/20260722130000_create_v1_1_schema.sql:376: NOTICE:  policy "weight_entries_delete_own" for relation "public.weight_entries" does not exist, skipping
2026-09-27T12:04:44.8744070Z CREATE POLICY
2026-09-27T12:04:44.8744608Z DROP POLICY
2026-09-27T12:04:44.8744965Z CREATE POLICY
2026-09-27T12:04:44.8745512Z apply supabase/migrations/20260723120000_add_food_master_public_v1_1.sql
2026-09-27T12:04:44.9065560Z BEGIN
2026-09-27T12:04:44.9073117Z CREATE FUNCTION
2026-09-27T12:04:44.9075927Z CREATE FUNCTION
2026-09-27T12:04:44.9119001Z CREATE TABLE
2026-09-27T12:04:44.9124575Z CREATE INDEX
2026-09-27T12:04:44.9128907Z CREATE INDEX
2026-09-27T12:04:44.9134957Z CREATE INDEX
2026-09-27T12:04:44.9140514Z CREATE INDEX
2026-09-27T12:04:44.9160147Z CREATE TABLE
2026-09-27T12:04:44.9165312Z CREATE INDEX
2026-09-27T12:04:44.9170011Z CREATE INDEX
2026-09-27T12:04:44.9193024Z CREATE TABLE
2026-09-27T12:04:44.9197550Z CREATE INDEX
2026-09-27T12:04:44.9202755Z CREATE INDEX
2026-09-27T12:04:44.9225807Z CREATE TABLE
2026-09-27T12:04:44.9231094Z CREATE INDEX
2026-09-27T12:04:44.9235876Z CREATE INDEX
2026-09-27T12:04:44.9253052Z CREATE TABLE
2026-09-27T12:04:44.9280671Z CREATE TABLE
2026-09-27T12:04:44.9285622Z CREATE INDEX
2026-09-27T12:04:44.9290459Z CREATE INDEX
2026-09-27T12:04:44.9305000Z CREATE TABLE
2026-09-27T12:04:44.9309418Z CREATE INDEX
2026-09-27T12:04:44.9323761Z CREATE TABLE
2026-09-27T12:04:44.9329174Z CREATE INDEX
2026-09-27T12:04:44.9332131Z CREATE FUNCTION
2026-09-27T12:04:44.9335549Z CREATE FUNCTION
2026-09-27T12:04:44.9340595Z ALTER TABLE
2026-09-27T12:04:44.9345804Z ALTER TABLE
2026-09-27T12:04:44.9350393Z ALTER TABLE
2026-09-27T12:04:44.9355393Z ALTER TABLE
2026-09-27T12:04:44.9358458Z ALTER TABLE
2026-09-27T12:04:44.9361503Z ALTER TABLE
2026-09-27T12:04:44.9364666Z ALTER TABLE
2026-09-27T12:04:44.9367715Z ALTER TABLE
2026-09-27T12:04:44.9370765Z ALTER TABLE
2026-09-27T12:04:44.9380371Z CREATE FUNCTION
2026-09-27T12:04:44.9383323Z CREATE TRIGGER
2026-09-27T12:04:44.9386605Z CREATE FUNCTION
2026-09-27T12:04:44.9389385Z CREATE TRIGGER
2026-09-27T12:04:44.9394520Z CREATE FUNCTION
2026-09-27T12:04:44.9395555Z CREATE TRIGGER
2026-09-27T12:04:44.9399108Z CREATE FUNCTION
2026-09-27T12:04:44.9403681Z CREATE FUNCTION
2026-09-27T12:04:44.9406627Z CREATE FUNCTION
2026-09-27T12:04:44.9409422Z CREATE FUNCTION
2026-09-27T12:04:44.9416909Z CREATE FUNCTION
2026-09-27T12:04:44.9418930Z REVOKE
2026-09-27T12:04:44.9421580Z GRANT
2026-09-27T12:04:44.9425641Z CREATE FUNCTION
2026-09-27T12:04:44.9428305Z CREATE TRIGGER
2026-09-27T12:04:44.9431714Z CREATE FUNCTION
2026-09-27T12:04:44.9434719Z psql:supabase/migrations/20260723120000_add_food_master_public_v1_1.sql:747: NOTICE:  trigger "sync_saved_foods_report_count" for relation "public.food_reports" does not exist, skipping
2026-09-27T12:04:44.9435527Z DROP TRIGGER
2026-09-27T12:04:44.9436673Z CREATE TRIGGER
2026-09-27T12:04:44.9439805Z CREATE FUNCTION
2026-09-27T12:04:44.9442329Z CREATE TRIGGER
2026-09-27T12:04:44.9447553Z CREATE FUNCTION
2026-09-27T12:04:44.9450049Z CREATE TRIGGER
2026-09-27T12:04:44.9453132Z CREATE TRIGGER
2026-09-27T12:04:44.9456170Z CREATE TRIGGER
2026-09-27T12:04:44.9458644Z CREATE TRIGGER
2026-09-27T12:04:44.9461144Z CREATE TRIGGER
2026-09-27T12:04:44.9463846Z CREATE TRIGGER
2026-09-27T12:04:44.9466588Z ALTER TABLE
2026-09-27T12:04:44.9468933Z ALTER TABLE
2026-09-27T12:04:44.9470967Z ALTER TABLE
2026-09-27T12:04:44.9474153Z ALTER TABLE
2026-09-27T12:04:44.9476480Z ALTER TABLE
2026-09-27T12:04:44.9478830Z ALTER TABLE
2026-09-27T12:04:44.9481056Z ALTER TABLE
2026-09-27T12:04:44.9483247Z ALTER TABLE
2026-09-27T12:04:44.9486031Z REVOKE
2026-09-27T12:04:44.9489522Z CREATE POLICY
2026-09-27T12:04:44.9492794Z CREATE POLICY
2026-09-27T12:04:44.9501959Z CREATE POLICY
2026-09-27T12:04:44.9506054Z CREATE POLICY
2026-09-27T12:04:44.9508860Z CREATE POLICY
2026-09-27T12:04:44.9511702Z CREATE POLICY
2026-09-27T12:04:44.9515484Z CREATE POLICY
2026-09-27T12:04:44.9518391Z CREATE POLICY
2026-09-27T12:04:44.9521243Z CREATE POLICY
2026-09-27T12:04:44.9525375Z CREATE POLICY
2026-09-27T12:04:44.9528627Z CREATE POLICY
2026-09-27T12:04:44.9531601Z CREATE POLICY
2026-09-27T12:04:44.9534859Z CREATE POLICY
2026-09-27T12:04:44.9538612Z CREATE POLICY
2026-09-27T12:04:44.9541679Z CREATE POLICY
2026-09-27T12:04:44.9546524Z CREATE POLICY
2026-09-27T12:04:44.9549577Z CREATE POLICY
2026-09-27T12:04:44.9554384Z CREATE POLICY
2026-09-27T12:04:44.9557518Z CREATE POLICY
2026-09-27T12:04:44.9560841Z CREATE POLICY
2026-09-27T12:04:44.9563746Z CREATE POLICY
2026-09-27T12:04:44.9566685Z REVOKE
2026-09-27T12:04:44.9569657Z GRANT
2026-09-27T12:04:44.9572524Z GRANT
2026-09-27T12:04:44.9575665Z GRANT
2026-09-27T12:04:44.9578489Z GRANT
2026-09-27T12:04:44.9581285Z GRANT
2026-09-27T12:04:44.9584359Z GRANT
2026-09-27T12:04:44.9587056Z GRANT
2026-09-27T12:04:44.9593583Z COMMIT
2026-09-27T12:04:44.9603678Z apply supabase/migrations/20260727120000_add_saved_foods_version.sql
2026-09-27T12:04:44.9930411Z BEGIN
2026-09-27T12:04:44.9947357Z ALTER TABLE
2026-09-27T12:04:44.9950583Z COMMENT
2026-09-27T12:04:44.9954549Z COMMIT
2026-09-27T12:04:44.9967601Z apply supabase/migrations/20260728120000_add_workout_templates_v1.sql
2026-09-27T12:04:45.0399198Z CREATE TABLE
2026-09-27T12:04:45.0405581Z CREATE INDEX
2026-09-27T12:04:45.0432266Z CREATE TABLE
2026-09-27T12:04:45.0438859Z CREATE INDEX
2026-09-27T12:04:45.0442716Z ALTER TABLE
2026-09-27T12:04:45.0446859Z ALTER TABLE
2026-09-27T12:04:45.0450766Z psql:supabase/migrations/20260728120000_add_workout_templates_v1.sql:52: NOTICE:  policy "workout_templates_own" for relation "public.workout_templates" does not exist, skipping
2026-09-27T12:04:45.0452114Z DROP POLICY
2026-09-27T12:04:45.0454659Z CREATE POLICY
2026-09-27T12:04:45.0458621Z psql:supabase/migrations/20260728120000_add_workout_templates_v1.sql:58: NOTICE:  policy "workout_template_items_own" for relation "public.workout_template_items" does not exist, skipping
2026-09-27T12:04:45.0460238Z DROP POLICY
2026-09-27T12:04:45.0461495Z CREATE POLICY
2026-09-27T12:04:45.0465854Z REVOKE
2026-09-27T12:04:45.0470210Z REVOKE
2026-09-27T12:04:45.0473943Z GRANT
2026-09-27T12:04:45.0477291Z GRANT
2026-09-27T12:04:45.0487385Z apply supabase/migrations/20260729120000_add_saved_foods_serving_unit_label.sql
2026-09-27T12:04:45.0821914Z BEGIN
2026-09-27T12:04:45.0822403Z ALTER TABLE
2026-09-27T12:04:45.0825486Z COMMENT
2026-09-27T12:04:45.0829499Z COMMIT
2026-09-27T12:04:45.0839386Z apply supabase/migrations/20260801120000_create_alcohol_entries.sql
2026-09-27T12:04:45.1201640Z CREATE TABLE
2026-09-27T12:04:45.1208816Z CREATE INDEX
2026-09-27T12:04:45.1216309Z CREATE INDEX
2026-09-27T12:04:45.1219757Z psql:supabase/migrations/20260801120000_create_alcohol_entries.sql:24: NOTICE:  trigger "set_alcohol_entries_updated_at" for relation "public.alcohol_entries" does not exist, skipping
2026-09-27T12:04:45.1220789Z DROP TRIGGER
2026-09-27T12:04:45.1225182Z CREATE TRIGGER
2026-09-27T12:04:45.1228766Z ALTER TABLE
2026-09-27T12:04:45.1231776Z psql:supabase/migrations/20260801120000_create_alcohol_entries.sql:31: NOTICE:  policy "alcohol_entries_select_own" for relation "public.alcohol_entries" does not exist, skipping
2026-09-27T12:04:45.1233292Z DROP POLICY
2026-09-27T12:04:45.1239061Z CREATE POLICY
2026-09-27T12:04:45.1242729Z psql:supabase/migrations/20260801120000_create_alcohol_entries.sql:36: NOTICE:  policy "alcohol_entries_insert_own" for relation "public.alcohol_entries" does not exist, skipping
2026-09-27T12:04:45.1244253Z DROP POLICY
2026-09-27T12:04:45.1246095Z CREATE POLICY
2026-09-27T12:04:45.1249317Z psql:supabase/migrations/20260801120000_create_alcohol_entries.sql:41: NOTICE:  policy "alcohol_entries_update_own" for relation "public.alcohol_entries" does not exist, skipping
2026-09-27T12:04:45.1250659Z DROP POLICY
2026-09-27T12:04:45.1254505Z CREATE POLICY
2026-09-27T12:04:45.1258847Z psql:supabase/migrations/20260801120000_create_alcohol_entries.sql:47: NOTICE:  policy "alcohol_entries_delete_own" for relation "public.alcohol_entries" does not exist, skipping
2026-09-27T12:04:45.1259845Z DROP POLICY
2026-09-27T12:04:45.1261184Z CREATE POLICY
2026-09-27T12:04:45.1265919Z GRANT
2026-09-27T12:04:45.1273927Z apply supabase/migrations/20260801180000_add_exercise_entry_calculation_columns.sql
2026-09-27T12:04:45.1623560Z ALTER TABLE
2026-09-27T12:04:45.1634361Z CREATE INDEX
2026-09-27T12:04:45.1643381Z CREATE INDEX
2026-09-27T12:04:45.1650375Z apply supabase/migrations/20260801200000_tighten_public_grants_v1.sql
2026-09-27T12:04:45.1968557Z BEGIN
2026-09-27T12:04:45.1980779Z CREATE FUNCTION
2026-09-27T12:04:45.2004126Z DO
2026-09-27T12:04:45.2007826Z GRANT
2026-09-27T12:04:45.2009868Z GRANT
2026-09-27T12:04:45.2012444Z GRANT
2026-09-27T12:04:45.2015382Z GRANT
2026-09-27T12:04:45.2017430Z GRANT
2026-09-27T12:04:45.2019822Z GRANT
2026-09-27T12:04:45.2022235Z GRANT
2026-09-27T12:04:45.2024971Z GRANT
2026-09-27T12:04:45.2027184Z GRANT
2026-09-27T12:04:45.2029476Z GRANT
2026-09-27T12:04:45.2031702Z GRANT
2026-09-27T12:04:45.2034353Z GRANT
2026-09-27T12:04:45.2036523Z GRANT
2026-09-27T12:04:45.2038664Z GRANT
2026-09-27T12:04:45.2040760Z GRANT
2026-09-27T12:04:45.2043089Z GRANT
2026-09-27T12:04:45.2045116Z GRANT
2026-09-27T12:04:45.2048608Z REVOKE
2026-09-27T12:04:45.2051060Z REVOKE
2026-09-27T12:04:45.2053356Z GRANT
2026-09-27T12:04:45.2055898Z GRANT
2026-09-27T12:04:45.2058571Z REVOKE
2026-09-27T12:04:45.2060938Z REVOKE
2026-09-27T12:04:45.2063709Z GRANT
2026-09-27T12:04:45.2066383Z GRANT
2026-09-27T12:04:45.2068902Z REVOKE
2026-09-27T12:04:45.2071576Z REVOKE
2026-09-27T12:04:45.2126776Z DO
2026-09-27T12:04:45.2129138Z GRANT
2026-09-27T12:04:45.2131652Z GRANT
2026-09-27T12:04:45.2134964Z GRANT
2026-09-27T12:04:45.2137280Z GRANT
2026-09-27T12:04:45.2139364Z ALTER DEFAULT PRIVILEGES
2026-09-27T12:04:45.2141045Z ALTER DEFAULT PRIVILEGES
2026-09-27T12:04:45.2146288Z ALTER DEFAULT PRIVILEGES
2026-09-27T12:04:45.2147931Z ALTER DEFAULT PRIVILEGES
2026-09-27T12:04:45.2149601Z ALTER DEFAULT PRIVILEGES
2026-09-27T12:04:45.2151921Z ALTER DEFAULT PRIVILEGES
2026-09-27T12:04:45.2153764Z ALTER DEFAULT PRIVILEGES
2026-09-27T12:04:45.2155333Z ALTER DEFAULT PRIVILEGES
2026-09-27T12:04:45.2161153Z DO
2026-09-27T12:04:45.2165717Z COMMIT
2026-09-27T12:04:45.2177798Z apply supabase/migrations/20260802120000_add_goal_pace_to_goals.sql
2026-09-27T12:04:45.2513254Z ALTER TABLE
2026-09-27T12:04:45.2517058Z psql:supabase/migrations/20260802120000_add_goal_pace_to_goals.sql:8: NOTICE:  constraint "goals_goal_pace_check" of relation "goals" does not exist, skipping
2026-09-27T12:04:45.2518387Z ALTER TABLE
2026-09-27T12:04:45.2526416Z ALTER TABLE
2026-09-27T12:04:45.2531016Z COMMENT
2026-09-27T12:04:45.2556154Z apply supabase/migrations/20260920120000_delete_own_account_keep_public_foods.sql
2026-09-27T12:04:45.2873823Z BEGIN
2026-09-27T12:04:45.2881487Z ALTER TABLE
2026-09-27T12:04:45.2895464Z CREATE FUNCTION
2026-09-27T12:04:45.2897629Z REVOKE
2026-09-27T12:04:45.2900241Z REVOKE
2026-09-27T12:04:45.2902304Z REVOKE
2026-09-27T12:04:45.2905498Z GRANT
2026-09-27T12:04:45.2911539Z COMMIT
2026-09-27T12:04:45.2923805Z apply supabase/migrations/20260927120000_reject_banned_public_food_names.sql
2026-09-27T12:04:45.3249259Z CREATE FUNCTION
2026-09-27T12:04:45.3257268Z CREATE FUNCTION
2026-09-27T12:04:45.3262574Z CREATE FUNCTION
2026-09-27T12:04:45.3267688Z CREATE FUNCTION
2026-09-27T12:04:45.3273103Z CREATE FUNCTION
2026-09-27T12:04:45.3277639Z CREATE FUNCTION
2026-09-27T12:04:45.3284898Z CREATE FUNCTION
2026-09-27T12:04:45.3288293Z REVOKE
2026-09-27T12:04:45.3291162Z REVOKE
2026-09-27T12:04:45.3295045Z REVOKE
2026-09-27T12:04:45.3298019Z REVOKE
2026-09-27T12:04:45.3301146Z REVOKE
2026-09-27T12:04:45.3304436Z REVOKE
2026-09-27T12:04:45.3307415Z REVOKE
2026-09-27T12:04:45.3311661Z GRANT
2026-09-27T12:04:45.3315498Z GRANT
2026-09-27T12:04:45.3318445Z GRANT
2026-09-27T12:04:45.3321412Z GRANT
2026-09-27T12:04:45.3324459Z GRANT
2026-09-27T12:04:45.3327444Z GRANT
2026-09-27T12:04:45.3330368Z GRANT
2026-09-27T12:04:45.3336716Z CREATE FUNCTION
2026-09-27T12:04:45.3347585Z CREATE FUNCTION
2026-09-27T12:04:45.3355789Z apply supabase/migrations/20260927140000_subscription_events.sql
2026-09-27T12:04:45.3669032Z BEGIN
2026-09-27T12:04:45.3705266Z CREATE TABLE
2026-09-27T12:04:45.3710303Z CREATE INDEX
2026-09-27T12:04:45.3718651Z CREATE FUNCTION
2026-09-27T12:04:45.3721794Z psql:supabase/migrations/20260927140000_subscription_events.sql:43: NOTICE:  trigger "subscription_events_force_row" for relation "public.subscription_events" does not exist, skipping
2026-09-27T12:04:45.3722647Z DROP TRIGGER
2026-09-27T12:04:45.3725670Z CREATE TRIGGER
2026-09-27T12:04:45.3728158Z ALTER TABLE
2026-09-27T12:04:45.3731065Z psql:supabase/migrations/20260927140000_subscription_events.sql:50: NOTICE:  policy "subscription_events_insert_own" for relation "public.subscription_events" does not exist, skipping
2026-09-27T12:04:45.3731896Z DROP POLICY
2026-09-27T12:04:45.3734028Z CREATE POLICY
2026-09-27T12:04:45.3736683Z REVOKE
2026-09-27T12:04:45.3739096Z GRANT
2026-09-27T12:04:45.3741587Z GRANT
2026-09-27T12:04:45.3745150Z CREATE FUNCTION
2026-09-27T12:04:45.3747111Z REVOKE
2026-09-27T12:04:45.3749158Z REVOKE
2026-09-27T12:04:45.3751264Z GRANT
2026-09-27T12:04:45.3755348Z COMMIT
2026-09-27T12:04:45.3764112Z apply supabase/migrations/20260927150000_protect_owner_deleted_and_revoke_sessions.sql
2026-09-27T12:04:45.4082499Z BEGIN
2026-09-27T12:04:45.4095932Z ALTER TABLE
2026-09-27T12:04:45.4098537Z COMMENT
2026-09-27T12:04:45.4111329Z CREATE FUNCTION
2026-09-27T12:04:45.4113631Z REVOKE
2026-09-27T12:04:45.4116081Z REVOKE
2026-09-27T12:04:45.4118866Z REVOKE
2026-09-27T12:04:45.4121670Z GRANT
2026-09-27T12:04:45.4124996Z REVOKE
2026-09-27T12:04:45.4126941Z REVOKE
2026-09-27T12:04:45.4128565Z REVOKE
2026-09-27T12:04:45.4130392Z REVOKE
2026-09-27T12:04:45.4136977Z GRANT
2026-09-27T12:04:45.4138890Z GRANT
2026-09-27T12:04:45.4142515Z CREATE FUNCTION
2026-09-27T12:04:45.4146517Z psql:supabase/migrations/20260927150000_protect_owner_deleted_and_revoke_sessions.sql:212: NOTICE:  trigger "saved_foods_reject_owner_deleted_change" for relation "public.saved_foods" does not exist, skipping
2026-09-27T12:04:45.4147428Z DROP TRIGGER
2026-09-27T12:04:45.4148522Z CREATE TRIGGER
2026-09-27T12:04:45.4153070Z COMMIT
2026-09-27T12:04:45.4164498Z apply supabase/migrations/20260927160000_delete_subscription_events_on_account_deletion.sql
2026-09-27T12:04:45.4483164Z BEGIN
2026-09-27T12:04:45.4499373Z CREATE FUNCTION
2026-09-27T12:04:45.4501406Z REVOKE
2026-09-27T12:04:45.4504132Z REVOKE
2026-09-27T12:04:45.4506942Z REVOKE
2026-09-27T12:04:45.4510968Z GRANT
2026-09-27T12:04:45.4513970Z COMMIT
2026-09-27T12:04:45.4541776Z apply supabase/migrations/20260927170000_store_apple_refresh_tokens.sql
2026-09-27T12:04:45.4849318Z BEGIN
2026-09-27T12:04:45.4895447Z DO
2026-09-27T12:04:45.4899694Z CREATE FUNCTION
2026-09-27T12:04:45.4902765Z CREATE FUNCTION
2026-09-27T12:04:45.4905666Z CREATE FUNCTION
2026-09-27T12:04:45.4908023Z REVOKE
2026-09-27T12:04:45.4911116Z REVOKE
2026-09-27T12:04:45.4913558Z REVOKE
2026-09-27T12:04:45.4916774Z GRANT
2026-09-27T12:04:45.4918804Z REVOKE
2026-09-27T12:04:45.4920967Z REVOKE
2026-09-27T12:04:45.4923573Z REVOKE
2026-09-27T12:04:45.4925617Z GRANT
2026-09-27T12:04:45.4927755Z REVOKE
2026-09-27T12:04:45.4929772Z REVOKE
2026-09-27T12:04:45.4931825Z REVOKE
2026-09-27T12:04:45.4934059Z GRANT
2026-09-27T12:04:45.4938712Z COMMIT
2026-09-27T12:04:45.4953954Z apply supabase/migrations/20260927180000_delete_own_account_service_role_only.sql
2026-09-27T12:04:45.5269312Z BEGIN
2026-09-27T12:04:45.5276036Z DROP FUNCTION
2026-09-27T12:04:45.5291378Z CREATE FUNCTION
2026-09-27T12:04:45.5293984Z REVOKE
2026-09-27T12:04:45.5296245Z REVOKE
2026-09-27T12:04:45.5298410Z REVOKE
2026-09-27T12:04:45.5301629Z GRANT
2026-09-27T12:04:45.5305544Z COMMIT
2026-09-27T12:04:45.5659568Z CREATE SCHEMA
2026-09-27T12:04:45.5664500Z GRANT
2026-09-27T12:04:45.5676738Z CREATE FUNCTION
2026-09-27T12:04:45.5681993Z CREATE FUNCTION
2026-09-27T12:04:45.5686147Z CREATE FUNCTION
2026-09-27T12:04:45.5689883Z CREATE FUNCTION
2026-09-27T12:04:45.5693753Z CREATE FUNCTION
2026-09-27T12:04:45.5700992Z CREATE FUNCTION
2026-09-27T12:04:45.5708277Z GRANT
2026-09-27T12:04:45.6063990Z DO
2026-09-27T12:04:45.6959484Z DO
2026-09-27T12:04:45.7600961Z DO
2026-09-27T12:04:45.7611547Z sql smoke passed
2026-09-27T12:04:45.7750622Z Post job cleanup.
2026-09-27T12:04:45.8643888Z [command]/usr/bin/git version
2026-09-27T12:04:45.8689340Z git version 2.55.0
2026-09-27T12:04:45.8732186Z Temporarily overriding HOME='/home/runner/work/_temp/1222eb22-894a-4ec2-9222-33808f908645' before making global git config changes
2026-09-27T12:04:45.8733886Z Adding repository directory to the temporary git global config as a safe directory
2026-09-27T12:04:45.8740531Z [command]/usr/bin/git config --global --add safe.directory /home/runner/work/AYG/AYG
2026-09-27T12:04:45.8782504Z [command]/usr/bin/git config --local --name-only --get-regexp core\.sshCommand
2026-09-27T12:04:45.8822524Z [command]/usr/bin/git submodule foreach --recursive sh -c "git config --local --name-only --get-regexp 'core\.sshCommand' && git config --local --unset-all 'core.sshCommand' || :"
2026-09-27T12:04:45.9076582Z [command]/usr/bin/git config --local --name-only --get-regexp http\.https\:\/\/github\.com\/\.extraheader
2026-09-27T12:04:45.9107423Z http.https://github.com/.extraheader
2026-09-27T12:04:45.9120497Z [command]/usr/bin/git config --local --unset-all http.https://github.com/.extraheader
2026-09-27T12:04:45.9176012Z [command]/usr/bin/git submodule foreach --recursive sh -c "git config --local --name-only --get-regexp 'http\.https\:\/\/github\.com\/\.extraheader' && git config --local --unset-all 'http.https://github.com/.extraheader' || :"
2026-09-27T12:04:45.9454842Z [command]/usr/bin/git config --local --name-only --get-regexp ^includeIf\.gitdir:
2026-09-27T12:04:45.9497603Z [command]/usr/bin/git submodule foreach --recursive git config --local --show-origin --name-only --get-regexp remote.origin.url
2026-09-27T12:04:45.9881479Z Print service container logs: 235d71ba55d24d4097a32063ef1e5b9b_postgres17_da2bd0
2026-09-27T12:04:45.9886579Z ##[command]/usr/bin/docker logs --details 1891a3e792ba2d214273e91557b04527bd1bf72d8a707e9a467cfdddfe0f7d83
2026-09-27T12:04:46.0019232Z  ********************************************************************************
2026-09-27T12:04:46.0020061Z  The files belonging to this database system will be owned by user "postgres".
2026-09-27T12:04:46.0020987Z  This user must also own the server process.
2026-09-27T12:04:46.0021699Z  WARNING: POSTGRES_HOST_AUTH_METHOD has been set to "trust". This will allow
2026-09-27T12:04:46.0022265Z           anyone with access to the Postgres port to access your database without
2026-09-27T12:04:46.0022989Z           a password, even if POSTGRES_PASSWORD is set. See PostgreSQL
2026-09-27T12:04:46.0023376Z           documentation about "trust":
2026-09-27T12:04:46.0023748Z           https://www.postgresql.org/docs/current/auth-trust.html
2026-09-27T12:04:46.0024259Z           In Docker's default configuration, this is effectively any other
2026-09-27T12:04:46.0024640Z           container on the same system.
2026-09-27T12:04:46.0024897Z  
2026-09-27T12:04:46.0025452Z           It is not recommended to use POSTGRES_HOST_AUTH_METHOD=trust. Replace
2026-09-27T12:04:46.0025931Z           it with "-e POSTGRES_PASSWORD=password" instead to set a password in
2026-09-27T12:04:46.0026308Z           "docker run".
2026-09-27T12:04:46.0026572Z  ********************************************************************************
2026-09-27T12:04:46.0026993Z  initdb: warning: enabling "trust" authentication for local connections
2026-09-27T12:04:46.0027357Z  
2026-09-27T12:04:46.0027915Z  initdb: hint: You can change this by editing pg_hba.conf or using the option -A, or --auth-local and --auth-host, the next time you run initdb.
2026-09-27T12:04:46.0028907Z  2026-09-27 12:04:29.100 UTC [1] LOG:  starting PostgreSQL 17.11 (Debian 17.11-1.pgdg13+2) on x86_64-pc-linux-gnu, compiled by gcc (Debian 14.2.0-19) 14.2.0, 64-bit
2026-09-27T12:04:46.0029654Z  2026-09-27 12:04:29.100 UTC [1] LOG:  listening on IPv4 address "0.0.0.0", port 5432
2026-09-27T12:04:46.0030136Z  2026-09-27 12:04:29.100 UTC [1] LOG:  listening on IPv6 address "::", port 5432
2026-09-27T12:04:46.0030669Z  2026-09-27 12:04:29.101 UTC [1] LOG:  listening on Unix socket "/var/run/postgresql/.s.PGSQL.5432"
2026-09-27T12:04:46.0031249Z  2026-09-27 12:04:29.103 UTC [63] LOG:  database system was shut down at 2026-09-27 12:04:28 UTC
2026-09-27T12:04:46.0031772Z  2026-09-27 12:04:29.107 UTC [1] LOG:  database system is ready to accept connections
2026-09-27T12:04:46.0032370Z  2026-09-27 12:04:44.618 UTC [100] ERROR:  function pg_catalog.coalesce(text, unknown) does not exist at character 8
2026-09-27T12:04:46.0033598Z  2026-09-27 12:04:44.618 UTC [100] HINT:  No function matches the given name and argument types. You might need to add explicit type casts.
2026-09-27T12:04:46.0034648Z  2026-09-27 12:04:44.618 UTC [100] STATEMENT:  select pg_catalog.coalesce(null::text,'x')
2026-09-27T12:04:46.0035283Z  2026-09-27 12:04:44.654 UTC [101] ERROR:  function pg_catalog.greatest(integer, integer) does not exist at character 8
2026-09-27T12:04:46.0036076Z  2026-09-27 12:04:44.654 UTC [101] HINT:  No function matches the given name and argument types. You might need to add explicit type casts.
2026-09-27T12:04:46.0036739Z  2026-09-27 12:04:44.654 UTC [101] STATEMENT:  select pg_catalog.greatest(1,2)
2026-09-27T12:04:46.0037302Z  2026-09-27 12:04:44.688 UTC [102] ERROR:  missing FROM-clause entry for table "pg_catalog" at character 24
2026-09-27T12:04:46.0037914Z  2026-09-27 12:04:44.688 UTC [102] STATEMENT:  select 'a'::text where pg_catalog.current_user = 'x'
2026-09-27T12:04:46.0038538Z  2026-09-27 12:04:44.722 UTC [103] ERROR:  type "pg_catalog.normalization_form" does not exist at character 16
2026-09-27T12:04:46.0039141Z  2026-09-27 12:04:44.722 UTC [103] STATEMENT:  select 'NFKC'::pg_catalog.normalization_form
2026-09-27T12:04:46.0039893Z  The database cluster will be initialized with locale "en_US.utf8".
2026-09-27T12:04:46.0040357Z  The default database encoding has accordingly been set to "UTF8".
2026-09-27T12:04:46.0040795Z  The default text search configuration will be set to "english".
2026-09-27T12:04:46.0041138Z  
2026-09-27T12:04:46.0041342Z  Data page checksums are disabled.
2026-09-27T12:04:46.0041591Z  
2026-09-27T12:04:46.0041893Z  fixing permissions on existing directory /var/lib/postgresql/data ... ok
2026-09-27T12:04:46.0042286Z  creating subdirectories ... ok
2026-09-27T12:04:46.0042620Z  selecting dynamic shared memory implementation ... posix
2026-09-27T12:04:46.0043329Z  selecting default "max_connections" ... 100
2026-09-27T12:04:46.0043647Z  selecting default "shared_buffers" ... 128MB
2026-09-27T12:04:46.0043950Z  selecting default time zone ... Etc/UTC
2026-09-27T12:04:46.0044236Z  creating configuration files ... ok
2026-09-27T12:04:46.0044511Z  running bootstrap script ... ok
2026-09-27T12:04:46.0044814Z  performing post-bootstrap initialization ... ok
2026-09-27T12:04:46.0045131Z  syncing data to disk ... ok
2026-09-27T12:04:46.0045360Z  
2026-09-27T12:04:46.0045534Z  
2026-09-27T12:04:46.0045947Z  Success. You can now start the database server using:
2026-09-27T12:04:46.0046248Z  
2026-09-27T12:04:46.0046487Z      pg_ctl -D /var/lib/postgresql/data -l logfile start
2026-09-27T12:04:46.0046792Z  
2026-09-27T12:04:46.0047441Z  waiting for server to start....2026-09-27 12:04:28.861 UTC [49] LOG:  starting PostgreSQL 17.11 (Debian 17.11-1.pgdg13+2) on x86_64-pc-linux-gnu, compiled by gcc (Debian 14.2.0-19) 14.2.0, 64-bit
2026-09-27T12:04:46.0048330Z  2026-09-27 12:04:28.862 UTC [49] LOG:  listening on Unix socket "/var/run/postgresql/.s.PGSQL.5432"
2026-09-27T12:04:46.0048904Z  2026-09-27 12:04:28.864 UTC [52] LOG:  database system was shut down at 2026-09-27 12:04:28 UTC
2026-09-27T12:04:46.0049420Z  2026-09-27 12:04:28.868 UTC [49] LOG:  database system is ready to accept connections
2026-09-27T12:04:46.0049805Z   done
2026-09-27T12:04:46.0050035Z  server started
2026-09-27T12:04:46.0050235Z  
2026-09-27T12:04:46.0050551Z  /usr/local/bin/docker-entrypoint.sh: ignoring /docker-entrypoint-initdb.d/*
2026-09-27T12:04:46.0050956Z  
2026-09-27T12:04:46.0051212Z  2026-09-27 12:04:28.979 UTC [49] LOG:  received fast shutdown request
2026-09-27T12:04:46.0051741Z  waiting for server to shut down....2026-09-27 12:04:28.980 UTC [49] LOG:  aborting any active transactions
2026-09-27T12:04:46.0052554Z  2026-09-27 12:04:28.982 UTC [49] LOG:  background worker "logical replication launcher" (PID 55) exited with exit code 1
2026-09-27T12:04:46.0053842Z  2026-09-27 12:04:28.982 UTC [50] LOG:  shutting down
2026-09-27T12:04:46.0054515Z  2026-09-27 12:04:28.983 UTC [50] LOG:  checkpoint starting: shutdown immediate
2026-09-27T12:04:46.0055670Z  2026-09-27 12:04:28.985 UTC [50] LOG:  checkpoint complete: wrote 3 buffers (0.0%); 0 WAL file(s) added, 0 removed, 0 recycled; write=0.001 s, sync=0.001 s, total=0.003 s; sync files=2, longest=0.001 s, average=0.001 s; distance=0 kB, estimate=0 kB; lsn=0/14EF800, redo lsn=0/14EF800
2026-09-27T12:04:46.0056728Z  2026-09-27 12:04:28.989 UTC [49] LOG:  database system is shut down
2026-09-27T12:04:46.0057073Z   done
2026-09-27T12:04:46.0057263Z  server stopped
2026-09-27T12:04:46.0057465Z  
2026-09-27T12:04:46.0057705Z  PostgreSQL init process complete; ready for start up.
2026-09-27T12:04:46.0058018Z  
2026-09-27T12:04:46.0063705Z Stop and remove container: 235d71ba55d24d4097a32063ef1e5b9b_postgres17_da2bd0
2026-09-27T12:04:46.0068582Z ##[command]/usr/bin/docker rm --force 1891a3e792ba2d214273e91557b04527bd1bf72d8a707e9a467cfdddfe0f7d83
2026-09-27T12:04:46.4483473Z 1891a3e792ba2d214273e91557b04527bd1bf72d8a707e9a467cfdddfe0f7d83
2026-09-27T12:04:46.4513986Z Remove container network: github_network_029bf3cf23fb4a0e9ebb1693812b232e
2026-09-27T12:04:46.4518511Z ##[command]/usr/bin/docker network rm github_network_029bf3cf23fb4a0e9ebb1693812b232e
2026-09-27T12:04:46.5478803Z github_network_029bf3cf23fb4a0e9ebb1693812b232e
2026-09-27T12:04:46.5554519Z Cleaning up orphan processes
2026-09-27T12:04:46.5894920Z ##[warning]Node.js 20 is deprecated. The following actions target Node.js 20 but are being forced to run on Node.js 24: actions/checkout@v4. For more information see: https://github.blog/changelog/2025-09-19-deprecation-of-node-20-on-github-actions-runners/
