  [before rollback] 1
  [before rollback] delete OK: private=0 public=1 sessions=0 fns=delete_own_account(uuid) owner_deleted_col=1
down 20260927180000: ok
  [after 20260927180000 down] 1
  [after 20260927180000 down] delete OK: private=0 public=1 sessions=0 fns=delete_own_account() owner_deleted_col=1
down 20260927170000: ok
  [after 20260927170000 down] 1
  [after 20260927170000 down] delete OK: private=0 public=1 sessions=0 fns=delete_own_account() owner_deleted_col=1
down 20260927160000: ok
  [after 20260927160000 down] 1
  [after 20260927160000 down] delete OK: private=0 public=1 sessions=0 fns=delete_own_account() owner_deleted_col=1
down 20260927150000: ok
  [after 20260927150000 down] 1
  [after 20260927150000 down] delete OK: private=0 public=1 sessions=1 fns=delete_own_account() owner_deleted_col=0
down 20260927140000: ok
  [after 20260927140000 down] 1
  [after 20260927140000 down] delete OK: private=0 public=1 sessions=1 fns=delete_own_account() owner_deleted_col=0
down 20260927120000: ok
  [after 20260927120000 down] 1
  [after 20260927120000 down] delete OK: private=0 public=1 sessions=1 fns=delete_own_account() owner_deleted_col=0
