  [before rollback] 1
  [before rollback] delete OK: private=0 public=1 sessions=0 fns=delete_own_account(uuid) owner_deleted_col=1
down 20260927180000: ok
  [after 20260927180000 down] 1
  [after 20260927180000 down] delete OK: private=0 public=1 sessions=0 fns=delete_own_account() owner_deleted_col=1
down 20260927170000: ok
  [after 20260927170000 down] 1
  [after 20260927170000 down] delete OK: private=0 public=1 sessions=0 fns=delete_own_account() owner_deleted_col=1
down 20260927150000: ok
  [after 20260927150000 down] 1
  [after 20260927150000 down] delete OK: private=0 public=1 sessions=1 fns=delete_own_account() owner_deleted_col=0
down 20260927160000: ok
  [after 20260927160000 down] 1
  [after 20260927160000 down] ERROR:  column "owner_deleted" of relation "saved_foods" does not exist
  [after 20260927160000 down] LINE 2:   set owner_deleted = true
  [after 20260927160000 down]               ^
  [after 20260927160000 down] QUERY:  update public.saved_foods
  [after 20260927160000 down]   set owner_deleted = true
  [after 20260927160000 down]   where user_id = uid
  [after 20260927160000 down]     and visibility = 'public'
  [after 20260927160000 down] CONTEXT:  PL/pgSQL function public.delete_own_account() line 28 at SQL statement
  [after 20260927160000 down] SQL statement "SELECT public.delete_own_account()"
  [after 20260927160000 down] PL/pgSQL function inline_code_block line 4 at PERFORM
